nohup: ignoring input
2025-11-15 12:55:57.723472: I tensorflow/core/platform/cpu_feature_guard.cc:210] This TensorFlow binary is optimized to use available CPU instructions in performance-critical operations.
To enable the following instructions: AVX2 FMA, in other operations, rebuild TensorFlow with the appropriate compiler flags.
INFO:deep_learning_models:TensorFlow CPU optimizations enabled
INFO:deep_learning_models:TensorFlow version: 2.20.0
INFO:deep_learning_models:Available devices: ['/physical_device:CPU:0', '/physical_device:GPU:0']
INFO:__main__:Configuration loaded from config/config.yaml
INFO:__main__:Experiment initialized. Results will be saved to results/20251115_125608
INFO:__main__:
============================================================
INFO:__main__:Starting CAN IDS Experiment
INFO:__main__:============================================================
INFO:__main__:Loading datasets...
INFO:dataset_loader:Loading CANMAP voltage dataset from data/raw/canmap_voltage
WARNING:dataset_loader:Dataset path does not exist: data/raw/canmap_voltage
INFO:dataset_loader:Creating sample dataset structure...
INFO:dataset_loader:Creating 1000 sample voltage records with realistic physical layer characteristics
INFO:dataset_loader:Generated voltage data: Normal=878, Attack=122
INFO:dataset_loader:Loading ROAD CAN IDS dataset from data/raw/road_can_ids
WARNING:dataset_loader:Dataset path does not exist: data/raw/road_can_ids
INFO:dataset_loader:Creating sample dataset structure...
INFO:dataset_loader:Creating 10000 sample CAN records
INFO:dataset_loader:Generated CAN data: 10000 messages, Normal=7900, Attack=2100
INFO:__main__:Preprocessing voltage data...
INFO:dataset_loader:Preprocessing voltage data...
INFO:dataset_loader:Voltage data shape: (1000, 100)
INFO:dataset_loader:Labels distribution: Normal=878, Attack=122
INFO:__main__:Preprocessing CAN message data...
INFO:dataset_loader:Preprocessing CAN message data...
INFO:dataset_loader:Sequences shape: (9900, 100, 10)
INFO:dataset_loader:Labels distribution: Normal=7863, Attack=2037
INFO:dataset_loader:Data split - Train: 699, Val: 150, Test: 151
INFO:dataset_loader:Train labels - Normal: 614, Attack: 85
INFO:dataset_loader:Val labels - Normal: 132, Attack: 18
INFO:dataset_loader:Test labels - Normal: 132, Attack: 19
INFO:dataset_loader:Data split - Train: 6929, Val: 1485, Test: 1486
INFO:dataset_loader:Train labels - Normal: 5504, Attack: 1425
INFO:dataset_loader:Val labels - Normal: 1179, Attack: 306
INFO:dataset_loader:Test labels - Normal: 1180, Attack: 306
INFO:__main__:Data preparation complete
INFO:__main__:
============================================================
INFO:__main__:Training Voltage Fingerprinting Model
INFO:__main__:============================================================
INFO:voltage_fingerprinting:Training voltage fingerprinter on 699 samples
INFO:voltage_fingerprinting:Created profile for ECU 0x400 from 141 samples
INFO:voltage_fingerprinting:Created profile for ECU 0x200 from 138 samples
INFO:voltage_fingerprinting:Created profile for ECU 0x100 from 135 samples
INFO:voltage_fingerprinting:Created profile for ECU 0x500 from 147 samples
INFO:voltage_fingerprinting:Created profile for ECU 0x300 from 138 samples
INFO:voltage_fingerprinting:Training complete. Profiles created for 5 ECUs
INFO:evaluation_metrics:Saved to results/20251115_125608/voltage_confusion_matrix.png
INFO:evaluation_metrics:Saved to results/20251115_125608/voltage_roc_curve.png
INFO:evaluation_metrics:Report saved to results/20251115_125608/voltage_report.txt
INFO:__main__:
============================================================
Evaluation Report: Voltage Fingerprinting
============================================================

Classification Metrics:
  Accuracy:      0.8079
  Precision:     0.3913
  Recall:        0.9474
  F1-Score:      0.5538

Detection Rates:
  True Positive Rate (TPR):   0.9474
  False Positive Rate (FPR):  0.2121
  True Negative Rate (TNR):   0.7879
  False Negative Rate (FNR):  0.0526

Confusion Matrix:
  True Positives:  18
  True Negatives:  104
  False Positives: 28
  False Negatives: 1

Additional Metrics:
  Specificity:       0.7879
  Sensitivity:       0.9474
  Detection Rate:    0.9474
  ROC AUC:           0.1806
  Average Precision: 0.0817

============================================================

INFO:__main__:
============================================================
INFO:__main__:Training Baseline Models
INFO:__main__:============================================================
INFO:dataset_loader:Loading ROAD CAN IDS dataset from data/raw/road_can_ids
WARNING:dataset_loader:Dataset path does not exist: data/raw/road_can_ids
INFO:dataset_loader:Creating sample dataset structure...
INFO:dataset_loader:Creating 10000 sample CAN records
INFO:dataset_loader:Generated CAN data: 10000 messages, Normal=7900, Attack=2100
INFO:__main__:
Training Timing-Based IDS...
INFO:baseline_models:Training timing IDS...
INFO:baseline_models:Learned timing profiles for 1 CAN IDs
/homes/tgulur/EEP595Au25-Project2/.venv/lib64/python3.12/site-packages/sklearn/metrics/_ranking.py:424: UndefinedMetricWarning: Only one class is present in y_true. ROC AUC score is not defined in that case.
  warnings.warn(
/homes/tgulur/EEP595Au25-Project2/.venv/lib64/python3.12/site-packages/sklearn/metrics/_ranking.py:1046: UserWarning: No positive class found in y_true, recall is set to one for all thresholds.
  warnings.warn(
/homes/tgulur/EEP595Au25-Project2/.venv/lib64/python3.12/site-packages/sklearn/metrics/_classification.py:534: UserWarning: A single label was found in 'y_true' and 'y_pred'. For the confusion matrix to have the correct shape, use the 'labels' parameter to pass all known labels.
  warnings.warn(
INFO:evaluation_metrics:Saved to results/20251115_125608/timing_confusion_matrix.png
/homes/tgulur/EEP595Au25-Project2/.venv/lib64/python3.12/site-packages/sklearn/metrics/_ranking.py:1201: UndefinedMetricWarning: No positive samples in y_true, true positive value should be meaningless
  warnings.warn(
INFO:evaluation_metrics:Saved to results/20251115_125608/timing_roc_curve.png
INFO:evaluation_metrics:Report saved to results/20251115_125608/timing_report.txt
INFO:__main__:
============================================================
Evaluation Report: Timing-Based IDS
============================================================

Classification Metrics:
  Accuracy:      1.0000
  Precision:     0.0000
  Recall:        0.0000
  F1-Score:      0.0000

Detection Rates:
  True Positive Rate (TPR):   0.0000
  False Positive Rate (FPR):  0.0000
  True Negative Rate (TNR):   1.0000
  False Negative Rate (FNR):  0.0000

Confusion Matrix:
  True Positives:  0
  True Negatives:  3001
  False Positives: 0
  False Negatives: 0

Additional Metrics:
  Specificity:       1.0000
  Sensitivity:       0.0000
  Detection Rate:    0.0000
  ROC AUC:           nan
  Average Precision: 0.0000

============================================================

INFO:__main__:
Training Frequency-Based IDS...
INFO:baseline_models:Training frequency IDS...
INFO:baseline_models:Learned frequency profiles for 1 CAN IDs
/homes/tgulur/EEP595Au25-Project2/.venv/lib64/python3.12/site-packages/sklearn/metrics/_ranking.py:424: UndefinedMetricWarning: Only one class is present in y_true. ROC AUC score is not defined in that case.
  warnings.warn(
/homes/tgulur/EEP595Au25-Project2/.venv/lib64/python3.12/site-packages/sklearn/metrics/_ranking.py:1046: UserWarning: No positive class found in y_true, recall is set to one for all thresholds.
  warnings.warn(
INFO:evaluation_metrics:Saved to results/20251115_125608/frequency_confusion_matrix.png
/homes/tgulur/EEP595Au25-Project2/.venv/lib64/python3.12/site-packages/sklearn/metrics/_ranking.py:1201: UndefinedMetricWarning: No positive samples in y_true, true positive value should be meaningless
  warnings.warn(
INFO:evaluation_metrics:Saved to results/20251115_125608/frequency_roc_curve.png
INFO:evaluation_metrics:Report saved to results/20251115_125608/frequency_report.txt
INFO:__main__:
============================================================
Evaluation Report: Frequency-Based IDS
============================================================

Classification Metrics:
  Accuracy:      0.0330
  Precision:     0.0000
  Recall:        0.0000
  F1-Score:      0.0000

Detection Rates:
  True Positive Rate (TPR):   0.0000
  False Positive Rate (FPR):  0.9670
  True Negative Rate (TNR):   0.0330
  False Negative Rate (FNR):  0.0000

Confusion Matrix:
  True Positives:  0
  True Negatives:  99
  False Positives: 2902
  False Negatives: 0

Additional Metrics:
  Specificity:       0.0330
  Sensitivity:       0.0000
  Detection Rate:    0.0000
  ROC AUC:           nan
  Average Precision: 0.0000

============================================================

INFO:__main__:
Baseline models training complete. Trained 2 models.
INFO:__main__:
============================================================
INFO:__main__:Training Deep Learning Models
INFO:__main__:============================================================
INFO:__main__:
Training CNN...
INFO:deep_learning_models:Building CNN with input shape (100, 10)
WARNING: All log messages before absl::InitializeLog() is called are written to STDERR
I0000 00:00:1763240172.884560   13181 gpu_device.cc:2020] Created device /job:localhost/replica:0/task:0/device:GPU:0 with 4601 MB memory:  -> device: 0, name: NVIDIA GeForce RTX 2060, pci bus id: 0000:01:00.0, compute capability: 7.5
INFO:deep_learning_models:CNN built: 168,257 parameters
INFO:deep_learning_models:Warming up CNN with 10 iterations...
2025-11-15 12:56:13.545036: I external/local_xla/xla/service/service.cc:163] XLA service 0x7fd31c003860 initialized for platform CUDA (this does not guarantee that XLA will be used). Devices:
2025-11-15 12:56:13.545055: I external/local_xla/xla/service/service.cc:171]   StreamExecutor device (0): NVIDIA GeForce RTX 2060, Compute Capability 7.5
2025-11-15 12:56:13.551627: I tensorflow/compiler/mlir/tensorflow/utils/dump_mlir_util.cc:269] disabling MLIR crash reproducer, set env var `MLIR_CRASH_REPRODUCER_DIRECTORY` to enable.
2025-11-15 12:56:13.594434: I external/local_xla/xla/stream_executor/cuda/cuda_dnn.cc:473] Loaded cuDNN version 91002
Invalid handle. Cannot load symbol cublasLtCreate
